#
# There is insufficient jvm for the Java Runtime Environment to continue.
# Native jvm allocation (mmap) failed to map 137438953472 bytes for committing reserved jvm.
# Possible reasons:
#   The system is out of physical RAM or swap space
# Possible solutions:
#   Reduce jvm load on the system
#   Increase physical jvm or swap space
#   Check if swap backing store is full
#   Decrease Java heap size (-Xmx/-Xms)
#   Decrease number of Java threads
#   Decrease Java thread stack sizes (-Xss)
#   Set larger code cache with -XX:ReservedCodeCacheSize=
# This output file may be truncated or incomplete.
#
#  Out of Memory Error (os_linux.cpp:2917), pid=69766, tid=69769
#
# JRE version:  (14.0.2+12) (build )
# Java VM: OpenJDK 64-Bit Server VM (14.0.2+12-Ubuntu-120.04, mixed mode, tiered, g1 gc, linux-amd64)
# Core dump will be written. Default location: Core dumps may be processed with "/usr/share/apport/apport %p %s %c %d %P %E" (or dumping to /home/ramroll/dev/prodsmile/core.69766)
#

---------------  S U M M A R Y ------------

Command Line: -Xlog:gc* -Xmx128g -Xms128g -javaagent:/home/ramroll/soft/idea-IC-202.7660.26/lib/idea_rt.jar=36989:/home/ramroll/soft/idea-IC-202.7660.26/bin -Dfile.encoding=UTF-8 jvm.WebOutOfMem

Host: AMD Ryzen 9 3900X 12-Core Processor, 16 cores, 15G, Ubuntu 20.04.1 LTS
Time: Tue Mar  9 15:34:53 2021 CST elapsed time: 0 seconds (0d 0h 0m 0s)

---------------  T H R E A D  ---------------

Current thread (0x00007fb078019000):  JavaThread "Unknown thread" [_thread_in_vm, id=69769, stack(0x00007fb07edc3000,0x00007fb07eec4000)]

Stack: [0x00007fb07edc3000,0x00007fb07eec4000],  sp=0x00007fb07eec2360,  free space=1020k
Native frames: (J=compiled Java code, A=aot compiled Java code, j=interpreted, Vv=VM code, C=native code)
V  [libjvm.so+0xe624d2]
V  [libjvm.so+0xe630d1]
V  [libjvm.so+0x5ad5ba]
V  [libjvm.so+0xb8bef0]
V  [libjvm.so+0xb83461]
V  [libjvm.so+0x6cb7d2]
V  [libjvm.so+0x6cbbbe]
V  [libjvm.so+0x6db51c]
V  [libjvm.so+0x76b042]
V  [libjvm.so+0x76c365]
V  [libjvm.so+0x76c7ef]
V  [libjvm.so+0x685cb8]
V  [libjvm.so+0x686444]
V  [libjvm.so+0xe2137c]
V  [libjvm.so+0xe21460]
V  [libjvm.so+0x78e097]
V  [libjvm.so+0xdf720d]
V  [libjvm.so+0x84cf25]  JNI_CreateJavaVM+0x55
C  [libjli.so+0x4d62]
C  [libjli.so+0x9b4d]


---------------  P R O C E S S  ---------------

Threads class SMR info:
_java_thread_list=0x00007fb080493a00, length=0, elements={
}

Java Threads: ( => current thread )

Other Threads:
  0x00007fb078098800 GCTaskThread "GC Thread#0" [stack: 0x00007fb07d7ef000,0x00007fb07d8ef000] [id=69774]
  0x00007fb0780ba800 ConcurrentGCThread "G1 Main Marker" [stack: 0x00007fb07d6ed000,0x00007fb07d7ed000] [id=69775]
  0x00007fb0780bc000 ConcurrentGCThread "G1 Conc#0" [stack: 0x00007fb07d5eb000,0x00007fb07d6eb000] [id=69776]

[error occurred during error reporting (printing all threads), id 0xb, SIGSEGV (0xb) at pc=0x00007fb07f8adcf4]

VM state:not at safepoint (not fully initialized)

VM Mutex/Monitor currently owned by a thread:  ([mutex/lock_event])
[0x00007fb078014f70] Heap_lock - owner thread: 0x00007fb078019000

GC Heap History (0 events):
No events

Deoptimization events (0 events):
No events

Classes unloaded (0 events):
No events

Classes redefined (0 events):
No events

Internal exceptions (0 events):
No events

Events (3 events):
Event: 0.002 Protecting jvm [0x00007fb07edc3000,0x00007fb07edc7000] with protection modes 0
Event: 0.002 Loaded shared library /usr/lib/jvm/java-14-openjdk-amd64/lib/libjava.so
Event: 0.002 Loaded shared library /usr/lib/jvm/java-14-openjdk-amd64/lib/libzip.so


Dynamic libraries:
564cd432d000-564cd432e000 r--p 00000000 08:05 797507                     /usr/lib/jvm/java-14-openjdk-amd64/bin/java
564cd432e000-564cd432f000 r-xp 00001000 08:05 797507                     /usr/lib/jvm/java-14-openjdk-amd64/bin/java
564cd432f000-564cd4330000 r--p 00002000 08:05 797507                     /usr/lib/jvm/java-14-openjdk-amd64/bin/java
564cd4330000-564cd4331000 r--p 00002000 08:05 797507                     /usr/lib/jvm/java-14-openjdk-amd64/bin/java
564cd4331000-564cd4332000 rw-p 00003000 08:05 797507                     /usr/lib/jvm/java-14-openjdk-amd64/bin/java
564cd6309000-564cd632a000 rw-p 00000000 00:00 0                          [heap]
7f8f20000000-7f8f20021000 rw-p 00000000 00:00 0 
7f8f20021000-7f8f24000000 ---p 00000000 00:00 0 
7f8f24000000-7f8f24021000 rw-p 00000000 00:00 0 
7f8f24021000-7f8f28000000 ---p 00000000 00:00 0 
7f8f28000000-7f8f28021000 rw-p 00000000 00:00 0 
7f8f28021000-7f8f2c000000 ---p 00000000 00:00 0 
7f8f2c000000-7f8f2e000000 rw-p 00000000 00:00 0 
7f8f2e000000-7f905e000000 ---p 00000000 00:00 0 
7fb05fc89000-7fb05fef9000 rwxp 00000000 00:00 0 
7fb05fef9000-7fb0603ca000 ---p 00000000 00:00 0 
7fb0603ca000-7fb06063a000 rwxp 00000000 00:00 0 
7fb06063a000-7fb067829000 ---p 00000000 00:00 0 
7fb067829000-7fb067a99000 rwxp 00000000 00:00 0 
7fb067a99000-7fb06ec89000 ---p 00000000 00:00 0 
7fb06ec89000-7fb078000000 r--s 00000000 08:05 797667                     /usr/lib/jvm/java-14-openjdk-amd64/lib/modules
7fb078000000-7fb0780fd000 rw-p 00000000 00:00 0 
7fb0780fd000-7fb07c000000 ---p 00000000 00:00 0 
7fb07c8dc000-7fb07d5e9000 rw-p 00000000 00:00 0 
7fb07d5e9000-7fb07d5ea000 ---p 00000000 00:00 0 
7fb07d5ea000-7fb07d6eb000 rw-p 00000000 00:00 0 
7fb07d6eb000-7fb07d6ec000 ---p 00000000 00:00 0 
7fb07d6ec000-7fb07d7ed000 rw-p 00000000 00:00 0 
7fb07d7ed000-7fb07d7ee000 ---p 00000000 00:00 0 
7fb07d7ee000-7fb07eb8b000 rw-p 00000000 00:00 0 
7fb07eb8b000-7fb07ec6f000 ---p 00000000 00:00 0 
7fb07ec6f000-7fb07ec74000 rw-p 00000000 00:00 0 
7fb07ec74000-7fb07ed58000 ---p 00000000 00:00 0 
7fb07ed58000-7fb07ed5d000 rw-p 00000000 00:00 0 
7fb07ed5d000-7fb07ed67000 ---p 00000000 00:00 0 
7fb07ed67000-7fb07ed6a000 r--p 00000000 08:05 788625                     /usr/lib/x86_64-linux-gnu/libnss_files-2.31.so
7fb07ed6a000-7fb07ed71000 r-xp 00003000 08:05 788625                     /usr/lib/x86_64-linux-gnu/libnss_files-2.31.so
7fb07ed71000-7fb07ed73000 r--p 0000a000 08:05 788625                     /usr/lib/x86_64-linux-gnu/libnss_files-2.31.so
7fb07ed73000-7fb07ed74000 r--p 0000b000 08:05 788625                     /usr/lib/x86_64-linux-gnu/libnss_files-2.31.so
7fb07ed74000-7fb07ed75000 rw-p 0000c000 08:05 788625                     /usr/lib/x86_64-linux-gnu/libnss_files-2.31.so
7fb07ed75000-7fb07ed7b000 rw-p 00000000 00:00 0 
7fb07ed7b000-7fb07ed7d000 r--p 00000000 08:05 797666                     /usr/lib/jvm/java-14-openjdk-amd64/lib/libzip.so
7fb07ed7d000-7fb07ed81000 r-xp 00002000 08:05 797666                     /usr/lib/jvm/java-14-openjdk-amd64/lib/libzip.so
7fb07ed81000-7fb07ed83000 r--p 00006000 08:05 797666                     /usr/lib/jvm/java-14-openjdk-amd64/lib/libzip.so
7fb07ed83000-7fb07ed84000 r--p 00007000 08:05 797666                     /usr/lib/jvm/java-14-openjdk-amd64/lib/libzip.so
7fb07ed84000-7fb07ed85000 rw-p 00008000 08:05 797666                     /usr/lib/jvm/java-14-openjdk-amd64/lib/libzip.so
7fb07ed85000-7fb07ed8d000 rw-s 00000000 08:05 394171                     /tmp/hsperfdata_ramroll/69766
7fb07ed8d000-7fb07ed9a000 r--p 00000000 08:05 797645                     /usr/lib/jvm/java-14-openjdk-amd64/lib/libjava.so
7fb07ed9a000-7fb07edad000 r-xp 0000d000 08:05 797645                     /usr/lib/jvm/java-14-openjdk-amd64/lib/libjava.so
7fb07edad000-7fb07edb3000 r--p 00020000 08:05 797645                     /usr/lib/jvm/java-14-openjdk-amd64/lib/libjava.so
7fb07edb3000-7fb07edb4000 r--p 00025000 08:05 797645                     /usr/lib/jvm/java-14-openjdk-amd64/lib/libjava.so
7fb07edb4000-7fb07edb6000 rw-p 00026000 08:05 797645                     /usr/lib/jvm/java-14-openjdk-amd64/lib/libjava.so
7fb07edb6000-7fb07edb8000 r--p 00000000 08:05 797640                     /usr/lib/jvm/java-14-openjdk-amd64/lib/libinstrument.so
7fb07edb8000-7fb07edbe000 r-xp 00002000 08:05 797640                     /usr/lib/jvm/java-14-openjdk-amd64/lib/libinstrument.so
7fb07edbe000-7fb07edc1000 r--p 00008000 08:05 797640                     /usr/lib/jvm/java-14-openjdk-amd64/lib/libinstrument.so
7fb07edc1000-7fb07edc2000 r--p 0000a000 08:05 797640                     /usr/lib/jvm/java-14-openjdk-amd64/lib/libinstrument.so
7fb07edc2000-7fb07edc3000 rw-p 0000b000 08:05 797640                     /usr/lib/jvm/java-14-openjdk-amd64/lib/libinstrument.so
7fb07edc3000-7fb07edc7000 ---p 00000000 00:00 0 
7fb07edc7000-7fb07eec4000 rw-p 00000000 00:00 0 
7fb07eec4000-7fb07eec7000 r--p 00000000 08:05 788612                     /usr/lib/x86_64-linux-gnu/libgcc_s.so.1
7fb07eec7000-7fb07eed9000 r-xp 00003000 08:05 788612                     /usr/lib/x86_64-linux-gnu/libgcc_s.so.1
7fb07eed9000-7fb07eedd000 r--p 00015000 08:05 788612                     /usr/lib/x86_64-linux-gnu/libgcc_s.so.1
7fb07eedd000-7fb07eede000 r--p 00018000 08:05 788612                     /usr/lib/x86_64-linux-gnu/libgcc_s.so.1
7fb07eede000-7fb07eedf000 rw-p 00019000 08:05 788612                     /usr/lib/x86_64-linux-gnu/libgcc_s.so.1
7fb07eedf000-7fb07eeee000 r--p 00000000 08:05 788619                     /usr/lib/x86_64-linux-gnu/libm-2.31.so
7fb07eeee000-7fb07ef95000 r-xp 0000f000 08:05 788619                     /usr/lib/x86_64-linux-gnu/libm-2.31.so
7fb07ef95000-7fb07f02c000 r--p 000b6000 08:05 788619                     /usr/lib/x86_64-linux-gnu/libm-2.31.so
7fb07f02c000-7fb07f02d000 r--p 0014c000 08:05 788619                     /usr/lib/x86_64-linux-gnu/libm-2.31.so
7fb07f02d000-7fb07f02e000 rw-p 0014d000 08:05 788619                     /usr/lib/x86_64-linux-gnu/libm-2.31.so
7fb07f02e000-7fb07f0c4000 r--p 00000000 08:05 788605                     /usr/lib/x86_64-linux-gnu/libstdc++.so.6.0.28
7fb07f0c4000-7fb07f1b4000 r-xp 00096000 08:05 788605                     /usr/lib/x86_64-linux-gnu/libstdc++.so.6.0.28
7fb07f1b4000-7fb07f1fd000 r--p 00186000 08:05 788605                     /usr/lib/x86_64-linux-gnu/libstdc++.so.6.0.28
7fb07f1fd000-7fb07f1fe000 ---p 001cf000 08:05 788605                     /usr/lib/x86_64-linux-gnu/libstdc++.so.6.0.28
7fb07f1fe000-7fb07f209000 r--p 001cf000 08:05 788605                     /usr/lib/x86_64-linux-gnu/libstdc++.so.6.0.28
7fb07f209000-7fb07f20c000 rw-p 001da000 08:05 788605                     /usr/lib/x86_64-linux-gnu/libstdc++.so.6.0.28
7fb07f20c000-7fb07f20f000 rw-p 00000000 00:00 0 
7fb07f20f000-7fb07f43c000 r--p 00000000 08:05 797672                     /usr/lib/jvm/java-14-openjdk-amd64/lib/server/libjvm.so
7fb07f43c000-7fb0800e2000 r-xp 0022d000 08:05 797672                     /usr/lib/jvm/java-14-openjdk-amd64/lib/server/libjvm.so
7fb0800e2000-7fb08033e000 r--p 00ed3000 08:05 797672                     /usr/lib/jvm/java-14-openjdk-amd64/lib/server/libjvm.so
7fb08033e000-7fb0803e5000 r--p 0112e000 08:05 797672                     /usr/lib/jvm/java-14-openjdk-amd64/lib/server/libjvm.so
7fb0803e5000-7fb08041f000 rw-p 011d5000 08:05 797672                     /usr/lib/jvm/java-14-openjdk-amd64/lib/server/libjvm.so
7fb08041f000-7fb0804a2000 rw-p 00000000 00:00 0 
7fb0804a2000-7fb0804a9000 r--p 00000000 08:05 788634                     /usr/lib/x86_64-linux-gnu/libpthread-2.31.so
7fb0804a9000-7fb0804ba000 r-xp 00007000 08:05 788634                     /usr/lib/x86_64-linux-gnu/libpthread-2.31.so
7fb0804ba000-7fb0804bf000 r--p 00018000 08:05 788634                     /usr/lib/x86_64-linux-gnu/libpthread-2.31.so
7fb0804bf000-7fb0804c0000 r--p 0001c000 08:05 788634                     /usr/lib/x86_64-linux-gnu/libpthread-2.31.so
7fb0804c0000-7fb0804c1000 rw-p 0001d000 08:05 788634                     /usr/lib/x86_64-linux-gnu/libpthread-2.31.so
7fb0804c1000-7fb0804c5000 rw-p 00000000 00:00 0 
7fb0804c5000-7fb0804c6000 r--p 00000000 08:05 788618                     /usr/lib/x86_64-linux-gnu/libdl-2.31.so
7fb0804c6000-7fb0804c8000 r-xp 00001000 08:05 788618                     /usr/lib/x86_64-linux-gnu/libdl-2.31.so
7fb0804c8000-7fb0804c9000 r--p 00003000 08:05 788618                     /usr/lib/x86_64-linux-gnu/libdl-2.31.so
7fb0804c9000-7fb0804ca000 r--p 00003000 08:05 788618                     /usr/lib/x86_64-linux-gnu/libdl-2.31.so
7fb0804ca000-7fb0804cb000 rw-p 00004000 08:05 788618                     /usr/lib/x86_64-linux-gnu/libdl-2.31.so
7fb0804cb000-7fb0804cd000 r--p 00000000 08:05 794401                     /usr/lib/x86_64-linux-gnu/libz.so.1.2.11
7fb0804cd000-7fb0804de000 r-xp 00002000 08:05 794401                     /usr/lib/x86_64-linux-gnu/libz.so.1.2.11
7fb0804de000-7fb0804e4000 r--p 00013000 08:05 794401                     /usr/lib/x86_64-linux-gnu/libz.so.1.2.11
7fb0804e4000-7fb0804e5000 ---p 00019000 08:05 794401                     /usr/lib/x86_64-linux-gnu/libz.so.1.2.11
7fb0804e5000-7fb0804e6000 r--p 00019000 08:05 794401                     /usr/lib/x86_64-linux-gnu/libz.so.1.2.11
7fb0804e6000-7fb0804e7000 rw-p 0001a000 08:05 794401                     /usr/lib/x86_64-linux-gnu/libz.so.1.2.11
7fb0804e7000-7fb08050c000 r--p 00000000 08:05 788617                     /usr/lib/x86_64-linux-gnu/libc-2.31.so
7fb08050c000-7fb080684000 r-xp 00025000 08:05 788617                     /usr/lib/x86_64-linux-gnu/libc-2.31.so
7fb080684000-7fb0806ce000 r--p 0019d000 08:05 788617                     /usr/lib/x86_64-linux-gnu/libc-2.31.so
7fb0806ce000-7fb0806cf000 ---p 001e7000 08:05 788617                     /usr/lib/x86_64-linux-gnu/libc-2.31.so
7fb0806cf000-7fb0806d2000 r--p 001e7000 08:05 788617                     /usr/lib/x86_64-linux-gnu/libc-2.31.so
7fb0806d2000-7fb0806d5000 rw-p 001ea000 08:05 788617                     /usr/lib/x86_64-linux-gnu/libc-2.31.so
7fb0806d5000-7fb0806d9000 rw-p 00000000 00:00 0 
7fb0806de000-7fb0806e0000 r--s 0000c000 08:05 1448594                    /usr/share/java/java-atk-wrapper.jar
7fb0806e0000-7fb0806e1000 ---p 00000000 00:00 0 
7fb0806e1000-7fb0806e2000 r--p 00000000 00:00 0 
7fb0806e2000-7fb0806e4000 r--p 00000000 08:05 797649                     /usr/lib/jvm/java-14-openjdk-amd64/lib/libjimage.so
7fb0806e4000-7fb0806e7000 r-xp 00002000 08:05 797649                     /usr/lib/jvm/java-14-openjdk-amd64/lib/libjimage.so
7fb0806e7000-7fb0806e8000 r--p 00005000 08:05 797649                     /usr/lib/jvm/java-14-openjdk-amd64/lib/libjimage.so
7fb0806e8000-7fb0806e9000 ---p 00006000 08:05 797649                     /usr/lib/jvm/java-14-openjdk-amd64/lib/libjimage.so
7fb0806e9000-7fb0806ea000 r--p 00006000 08:05 797649                     /usr/lib/jvm/java-14-openjdk-amd64/lib/libjimage.so
7fb0806ea000-7fb0806eb000 rw-p 00007000 08:05 797649                     /usr/lib/jvm/java-14-openjdk-amd64/lib/libjimage.so
7fb0806eb000-7fb0806ee000 r--p 00000000 08:05 797650                     /usr/lib/jvm/java-14-openjdk-amd64/lib/libjli.so
7fb0806ee000-7fb0806f8000 r-xp 00003000 08:05 797650                     /usr/lib/jvm/java-14-openjdk-amd64/lib/libjli.so
7fb0806f8000-7fb0806fb000 r--p 0000d000 08:05 797650                     /usr/lib/jvm/java-14-openjdk-amd64/lib/libjli.so
7fb0806fb000-7fb0806fc000 r--p 0000f000 08:05 797650                     /usr/lib/jvm/java-14-openjdk-amd64/lib/libjli.so
7fb0806fc000-7fb0806fd000 rw-p 00010000 08:05 797650                     /usr/lib/jvm/java-14-openjdk-amd64/lib/libjli.so
7fb0806fd000-7fb0806ff000 rw-p 00000000 00:00 0 
7fb0806ff000-7fb080703000 r--p 00000000 00:00 0                          [vvar]
7fb080703000-7fb080705000 r-xp 00000000 00:00 0                          [vdso]
7fb080705000-7fb080706000 r--p 00000000 08:05 788613                     /usr/lib/x86_64-linux-gnu/ld-2.31.so
7fb080706000-7fb080729000 r-xp 00001000 08:05 788613                     /usr/lib/x86_64-linux-gnu/ld-2.31.so
7fb080729000-7fb080731000 r--p 00024000 08:05 788613                     /usr/lib/x86_64-linux-gnu/ld-2.31.so
7fb080731000-7fb080732000 ---p 00000000 00:00 0 
7fb080732000-7fb080733000 r--p 0002c000 08:05 788613                     /usr/lib/x86_64-linux-gnu/ld-2.31.so
7fb080733000-7fb080734000 rw-p 0002d000 08:05 788613                     /usr/lib/x86_64-linux-gnu/ld-2.31.so
7fb080734000-7fb080735000 rw-p 00000000 00:00 0 
7ffde11d9000-7ffde11fb000 rw-p 00000000 00:00 0                          [stack]
ffffffffff600000-ffffffffff601000 --xp 00000000 00:00 0                  [vsyscall]


VM Arguments:
jvm_args: -Xlog:gc* -Xmx128g -Xms128g -javaagent:/home/ramroll/soft/idea-IC-202.7660.26/lib/idea_rt.jar=36989:/home/ramroll/soft/idea-IC-202.7660.26/bin -Dfile.encoding=UTF-8 
java_command: jvm.WebOutOfMem
java_class_path (initial): /home/ramroll/dev/prodsmile/target/classes:/home/ramroll/.m2/repository/commons-httpclient/commons-httpclient/3.1/commons-httpclient-3.1.jar:/home/ramroll/.m2/repository/commons-logging/commons-logging/1.0.4/commons-logging-1.0.4.jar:/home/ramroll/.m2/repository/commons-codec/commons-codec/1.2/commons-codec-1.2.jar:/home/ramroll/.m2/repository/junit/junit/4.13.2/junit-4.13.2.jar:/home/ramroll/.m2/repository/org/hamcrest/hamcrest-core/1.3/hamcrest-core-1.3.jar:/home/ramroll/.m2/repository/org/junit/jupiter/junit-jupiter/5.8.0-M1/junit-jupiter-5.8.0-M1.jar:/home/ramroll/.m2/repository/org/junit/jupiter/junit-jupiter-api/5.8.0-M1/junit-jupiter-api-5.8.0-M1.jar:/home/ramroll/.m2/repository/org/apiguardian/apiguardian-api/1.1.1/apiguardian-api-1.1.1.jar:/home/ramroll/.m2/repository/org/opentest4j/opentest4j/1.2.0/opentest4j-1.2.0.jar:/home/ramroll/.m2/repository/org/junit/platform/junit-platform-commons/1.8.0-M1/junit-platform-commons-1.8.0-M1.jar:/home/ramroll/.m2/repository/org/junit/jupiter/junit-jupiter-params/5.8.0-M1/junit-jupiter-params-5.8.0-M1.jar:/home/ramroll/.m2/repository/org/junit/jupiter/junit-jupiter-engine/5.8.0-M1/junit-jupiter-engine-5.8.0-M1.jar:/home/ramroll/.m2/repository/org/junit/platform/junit-platform-engine/1.8.0-M1/junit-platform-engine-1.8.0-M1.jar:/home/ramroll/.m2/repository/org/jetbrains/kotlin/kotlin-stdlib-jdk8/1.4.20/kotlin-stdlib-jdk8-1.4.20.jar:/home/ramroll/.m2/repository/org/jetbrains/kotlin/kotlin-stdlib/1.4.20/kotlin-stdlib-1.4.20.jar:/home/ramroll/.m2/repository/org/jetbrains/kotlin/kotlin-stdlib-common/1.4.20/kotlin-stdlib-common-1.4.20.jar:/home/ramroll/.m2/repository/org/jetbrains/annotations/13.0/annotations-13.0.jar:/home/ramroll/.m2/repository/org/jetbrains/kotlin/kotlin-stdlib-jdk7/1.4.20/kotlin-stdlib-jdk7-1.4.20.jar:/home/ramroll/.m2/repository/org/testng/testng/7.4.0/testng-7.4.0.jar:/home/ramroll/.m2/repository/com/beust/jcommander/1.78/jcommander-1.78.jar:/home/ramroll/.m2/repository/org/w
Launcher Type: SUN_STANDARD

[Global flags]
     intx CICompilerCount                          = 12                                        {product} {ergonomic}
     uint ConcGCThreads                            = 3                                         {product} {ergonomic}
     uint G1ConcRefinementThreads                  = 13                                        {product} {ergonomic}
   size_t G1HeapRegionSize                         = 33554432                                  {product} {ergonomic}
    uintx GCDrainStackTargetSize                   = 64                                        {product} {ergonomic}
   size_t InitialHeapSize                          = 137438953472                              {product} {command line}
   size_t MarkStackSize                            = 4194304                                   {product} {ergonomic}
   size_t MaxHeapSize                              = 137438953472                              {product} {command line}
   size_t MinHeapDeltaBytes                        = 33554432                                  {product} {ergonomic}
   size_t MinHeapSize                              = 137438953472                              {product} {command line}
    uintx NonNMethodCodeHeapSize                   = 7602480                                {pd product} {ergonomic}
    uintx NonProfiledCodeHeapSize                  = 122027880                              {pd product} {ergonomic}
    uintx ProfiledCodeHeapSize                     = 122027880                              {pd product} {ergonomic}
    uintx ReservedCodeCacheSize                    = 251658240                              {pd product} {ergonomic}
     bool SegmentedCodeCache                       = true                                      {product} {ergonomic}
   size_t SoftMaxHeapSize                          = 137438953472                           {manageable} {ergonomic}
     bool UseG1GC                                  = true                                      {product} {ergonomic}

Logging:
Log output configuration:
 #0: stdout all=warning,gc*=info uptime,level,tags (reconfigured)
 #1: stderr all=off uptime,level,tags

Environment Variables:
PATH=/usr/local/sbin:/usr/local/bin:/usr/sbin:/usr/bin:/sbin:/bin:/usr/games:/usr/local/games:/snap/bin
USERNAME=ramroll
SHELL=/bin/bash
DISPLAY=:0

Signal Handlers:
SIGSEGV: [libjvm.so+0xe630f0], sa_mask[0]=11111111011111111101111111111110, sa_flags=SA_RESTART|SA_SIGINFO
SIGBUS: [libjvm.so+0xe630f0], sa_mask[0]=11111111011111111101111111111110, sa_flags=SA_RESTART|SA_SIGINFO
SIGFPE: [libjvm.so+0xe630f0], sa_mask[0]=11111111011111111101111111111110, sa_flags=SA_RESTART|SA_SIGINFO
SIGPIPE: [libjvm.so+0xb87eb0], sa_mask[0]=11111111011111111101111111111110, sa_flags=SA_RESTART|SA_SIGINFO
SIGXFSZ: [libjvm.so+0xb87eb0], sa_mask[0]=11111111011111111101111111111110, sa_flags=SA_RESTART|SA_SIGINFO
SIGILL: [libjvm.so+0xe630f0], sa_mask[0]=11111111011111111101111111111110, sa_flags=SA_RESTART|SA_SIGINFO
SIGUSR2: [libjvm.so+0xb87d50], sa_mask[0]=00100000000000000000000000000000, sa_flags=SA_RESTART|SA_SIGINFO
SIGHUP: SIG_DFL, sa_mask[0]=00000000000000000000000000000000, sa_flags=none
SIGINT: SIG_DFL, sa_mask[0]=00000000000000000000000000000000, sa_flags=none
SIGTERM: SIG_DFL, sa_mask[0]=00000000000000000000000000000000, sa_flags=none
SIGQUIT: SIG_DFL, sa_mask[0]=00000000000000000000000000000000, sa_flags=none


---------------  S Y S T E M  ---------------

OS:DISTRIB_ID=Ubuntu
DISTRIB_RELEASE=20.04
DISTRIB_CODENAME=focal
DISTRIB_DESCRIPTION="Ubuntu 20.04.1 LTS"
uname:Linux 5.8.0-44-generic #50~20.04.1-Ubuntu SMP Wed Feb 10 21:07:30 UTC 2021 x86_64
OS uptime: 4 days 3:43 hours
libc:glibc 2.31 NPTL 2.31 
rlimit: STACK 8192k, CORE 0k, NPROC 63711, NOFILE 65535, AS infinity, DATA infinity, FSIZE infinity
load average:0.51 0.40 0.21

/proc/meminfo:
MemTotal:       16368628 kB
MemFree:         4189740 kB
MemAvailable:    6984580 kB
Buffers:          275720 kB
Cached:          2874828 kB
SwapCached:            0 kB
Active:          8923020 kB
Inactive:        1618100 kB
Active(anon):    7390324 kB
Inactive(anon):   264936 kB
Active(file):    1532696 kB
Inactive(file):  1353164 kB
Unevictable:          16 kB
Mlocked:              16 kB
SwapTotal:       1435264 kB
SwapFree:        1435264 kB
Dirty:               312 kB
Writeback:            20 kB
AnonPages:       7390712 kB
Mapped:           823460 kB
Shmem:            266564 kB
KReclaimable:     246964 kB
Slab:             551324 kB
SReclaimable:     246964 kB
SUnreclaim:       304360 kB
KernelStack:       22448 kB
PageTables:        52932 kB
NFS_Unstable:          0 kB
Bounce:                0 kB
WritebackTmp:          0 kB
CommitLimit:     9619576 kB
Committed_AS:   17969784 kB
VmallocTotal:   34359738367 kB
VmallocUsed:       36928 kB
VmallocChunk:          0 kB
Percpu:           111616 kB
HardwareCorrupted:     0 kB
AnonHugePages:         0 kB
ShmemHugePages:        0 kB
ShmemPmdMapped:        0 kB
FileHugePages:         0 kB
FilePmdMapped:         0 kB
HugePages_Total:       0
HugePages_Free:        0
HugePages_Rsvd:        0
HugePages_Surp:        0
Hugepagesize:       2048 kB
Hugetlb:               0 kB
DirectMap4k:      808768 kB
DirectMap2M:    11773952 kB
DirectMap1G:     6291456 kB


/proc/sys/kernel/threads-max (system-wide limit on the number of threads):
127423


/proc/sys/vm/max_map_count (maximum number of jvm map areas a process may have):
65530


/proc/sys/kernel/pid_max (system-wide limit on number of process identifiers):
4194304



container (cgroup) information:
container_type: cgroupv1
cpu_cpuset_cpus: 0-15
cpu_memory_nodes: 0
active_processor_count: 16
cpu_quota: no quota
cpu_period: 100000
cpu_shares: no shares
memory_limit_in_bytes: unlimited
memory_and_swap_limit_in_bytes: unlimited
memory_soft_limit_in_bytes: unlimited
memory_usage_in_bytes: 9444364288
memory_max_usage_in_bytes: 9773334528

VMWare virtualization detected
Steal ticks since vm start: 0
Steal ticks percentage since vm start:  0.000

CPU:total 16 (initial active 16) (2 cores per cpu, 2 threads per core) family 23 model 113 stepping 0, cmov, cx8, fxsr, mmx, sse, sse2, sse3, ssse3, sse4.1, sse4.2, popcnt, avx, avx2, aes, clmul, mmxext, 3dnowpref, lzcnt, sse4a, ht, tsc, tscinvbit, tscinv, bmi1, bmi2, adx, sha, fma
CPU Model and flags from /proc/cpuinfo:
model name	: AMD Ryzen 9 3900X 12-Core Processor
flags		: fpu vme de pse tsc msr pae mce cx8 apic sep mtrr pge mca cmov pat pse36 clflush mmx fxsr sse sse2 ht syscall nx mmxext fxsr_opt pdpe1gb rdtscp lm constant_tsc rep_good nopl tsc_reliable nonstop_tsc cpuid extd_apicid pni pclmulqdq ssse3 fma cx16 sse4_1 sse4_2 x2apic movbe popcnt aes xsave avx f16c rdrand hypervisor lahf_lm cmp_legacy extapic cr8_legacy abm sse4a misalignsse 3dnowprefetch osvw ssbd ibpb vmmcall fsgsbase bmi1 avx2 smep bmi2 rdseed adx smap clflushopt clwb sha_ni xsaveopt xsavec xsaves clzero arat overflow_recov succor

Memory: 4k page, physical 16368628k(4189740k free), swap 1435264k(1435264k free)

vm_info: OpenJDK 64-Bit Server VM (14.0.2+12-Ubuntu-120.04) for linux-amd64 JRE (14.0.2+12-Ubuntu-120.04), built on Jul 21 2020 11:40:06 by "unknown" with gcc 9.3.0

END.
